{
    "level": "info",
    "method": "POST",
    "path": "/api/v1/products/",
    "query": "",
    "client_ip": "::1",
    "user_agent": "PostmanRuntime/7.54.0",
    "referer": "http://localhost:8080/api/v1/products",
    "protocol": "HTTP/1.1",
    "host": "localhost:8080",
    "remote_addr": "[::1]:60286",
    "request_uri": "/api/v1/products/",
    "content_length": 412,
    "headers": {
        "Accept": [
            "*/*"
        ],
        "Accept-Encoding": [
            "gzip, deflate, br"
        ],
        "Cache-Control": [
            "no-cache"
        ],
        "Connection": [
            "keep-alive"
        ],
        "Content-Length": [
            "412"
        ],
        "Content-Type": [
            "application/json"
        ],
        "Postman-Token": [
            "4b8c5d57-3498-4b4c-bbf8-28790448e6e4"
        ],
        "Referer": [
            "http://localhost:8080/api/v1/products"
        ],
        "User-Agent": [
            "PostmanRuntime/7.54.0"
        ]
    },
    "request_body": {
        "display": false,
        "name": "test",
        "price": 10,
        "product_attributes": [
            {
                "name": "test",
                "value": "test"
            }
        ],
        "product_image": {
            "image_name": "test",
            "image_url": "url"
        },
        "product_info": {
            "a": {
                "info_key": "test",
                "info_value": "test"
            }
        },
        "tags": [
            "a",
            "b",
            "c",
            "d"
        ]
    },
    "status_code": 200,
    "duration_ms": 1,
    "time": "2026-06-03T20:19:22+07:00",
    "message": "HTTP Request Log"
}